Mono runtime detected.
Operating system: Microsoft Windows NT 6.2.9200.0
Opening INI file "C:\users\katsushimi\Documents\GitHub\Nogales-Engine\Level\SonLVL.ini"...
Game type is S1.
Loading Green Hill 1 (Layers A+B)...
8x8 tile file "Data/Art/artlvl GHZ1.nem" not found.
Loading 256x256 chunks from file "Data/Chunks/GHZ.kos", using compression Kosinski...
8x8 tile file "Data/Art/artlvl GHZ2.nem" not found.
Loading palette file "Data/Palettes/Sonic TEMP.bin"...
Source: 0 Destination: 0 Length: 16
Loading 16x16 blocks from file "Data/Blocks/GHZ.bin", using compression Uncompressed...
Loading FG layout from file "Layout/GHZ/GHZ1_A.bin", using compression Uncompressed...
Loading BG layout from file "Layout/GHZ/GHZ1_B.bin", using compression Uncompressed...
Loading FG layout from file "Layout/GHZ/GHZ1_Z.bin", using compression Uncompressed...
System.AggregateException: One or more errors occurred. (Palette file could not be loaded! Have you set up your disassembly properly?) ---> System.IO.FileNotFoundException: Palette file could not be loaded! Have you set up your disassembly properly?
  at SonicRetro.SonLVL.API.LevelData.LoadLevelPalette () [0x00154] in <36d9b7ec9ed249a0b0c65054db4c5a7e>:0 
  at System.Threading.Tasks.Task.InnerInvoke () [0x0000f] in <60bb7eaf44204dc583390995e42e38f8>:0 
  at System.Threading.Tasks.Task.Execute () [0x00000] in <60bb7eaf44204dc583390995e42e38f8>:0 
   --- End of inner exception stack trace ---
  at System.Threading.Tasks.Task.WaitAll (System.Threading.Tasks.Task[] tasks, System.Int32 millisecondsTimeout, System.Threading.CancellationToken cancellationToken) [0x001c8] in <60bb7eaf44204dc583390995e42e38f8>:0 
  at System.Threading.Tasks.Task.WaitAll (System.Threading.Tasks.Task[] tasks, System.Int32 millisecondsTimeout) [0x00000] in <60bb7eaf44204dc583390995e42e38f8>:0 
  at System.Threading.Tasks.Task.WaitAll (System.Threading.Tasks.Task[] tasks) [0x00000] in <60bb7eaf44204dc583390995e42e38f8>:0 
  at System.Threading.Tasks.Parallel.Invoke (System.Threading.Tasks.ParallelOptions parallelOptions, System.Action[] actions) [0x0029c] in <60bb7eaf44204dc583390995e42e38f8>:0 
--- End of stack trace from previous location where exception was thrown ---

  at System.Threading.Tasks.Parallel.ThrowSingleCancellationExceptionOrOtherException (System.Collections.ICollection exceptions, System.Threading.CancellationToken cancelToken, System.Exception otherException) [0x0000b] in <60bb7eaf44204dc583390995e42e38f8>:0 
  at System.Threading.Tasks.Parallel.Invoke (System.Threading.Tasks.ParallelOptions parallelOptions, System.Action[] actions) [0x002b9] in <60bb7eaf44204dc583390995e42e38f8>:0 
  at System.Threading.Tasks.Parallel.Invoke (System.Action[] actions) [0x00000] in <60bb7eaf44204dc583390995e42e38f8>:0 
  at SonicRetro.SonLVL.API.LevelData.LoadLevel (System.String levelname, System.Boolean loadGraphics) [0x001db] in <36d9b7ec9ed249a0b0c65054db4c5a7e>:0 
  at SonicRetro.SonLVL.GUI.MainForm.backgroundLevelLoader_DoWork (System.Object sender, System.ComponentModel.DoWorkEventArgs e) [0x00039] in <25c54b199da1400db91bb6ef56f18a9d>:0 
---> (Inner Exception #0) System.IO.FileNotFoundException: Palette file could not be loaded! Have you set up your disassembly properly?
File name: 'Data/Palettes/Sonic TEMP.bin'
  at SonicRetro.SonLVL.API.LevelData.LoadLevelPalette () [0x00154] in <36d9b7ec9ed249a0b0c65054db4c5a7e>:0 
  at System.Threading.Tasks.Task.InnerInvoke () [0x0000f] in <60bb7eaf44204dc583390995e42e38f8>:0 
  at System.Threading.Tasks.Task.Execute () [0x00000] in <60bb7eaf44204dc583390995e42e38f8>:0 <---

